Intel-8051 Macro Assembler - Version 1.00

      1    0000                           ;四個按鈕分別為	+  -  確認 RESET
      2    0000                           ;前四個燈為mode1~4
      3    0000                           ;=======================================
      4    0000                           
      5    0000                           		ORG	0000H ;主程式從0000開始
      6    0000                           
      7    0000     75 90 FE              		MOV	P1,#11111110B		
      8    0003     78 01                 		MOV	R0,#00000001B
      9    0005                           
     10    0005                           ;===============設定時間========================
     11    0005                           
     12    0005     75 80 80              MODE1:	MOV	P0,#10000000B 	;模式顯示:正在設定分鐘的十位數
     13    0008     79 00                 		MOV	R1,#00000000B	  ;初始化為0，以下使用者開始設定數字
     14    000A                           
     15    000A     74 80                 SET1:		MOV	A,#10000000B  ;變數A每次都更新為1000 0000
     16    000C     29                    		ADD	A,R1		;將燈號A與R1(使用者設定的數字)相加，並取代A原本所存的變數
     17    000D     F5 80                 		MOV	P0,A		;將A輸出到燈(P0)上，此時有著mode1的燈號以及使用者所設定的變數(二進位顯示)
     18    000F                           
     19    000F     11 F4                 		ACALL	DELAY2
     20    0011                           
     21    0011     30 A0 5B              		JNB	P2.0,KEY00	;若按下最左邊的按鈕R1加一
     22    0014     30 A1 5A              		JNB	P2.1,KEY01	;若按下左邊數過來第二的按鈕R1減一
     23    0017     30 A2 05              		JNB	P2.2,MODE2	;若按下第三個鍵跳到mode2
     24    001A     30 A3 E8              		JNB	P2.3,MODE1
     25    001D     01 0A                 		AJMP	SET1		;如果沒按下，則跳回set1並繼續等待使用者操作
     26    001F                           
     27    001F     75 80 40              MODE2:	MOV	P0,#01000000B ;模式顯示:正在設定分鐘的個位數
     28    0022     7A 00                 		MOV	R2,#00000000B
     29    0024                           
     30    0024     74 40                 SET2:		MOV	A,#01000000B
     31    0026     2A                    		ADD	A,R2
     32    0027     F5 80                 		MOV	P0,A	
     33    0029                           
     34    0029     11 F4                 		ACALL	DELAY2
     35    002B                           
     36    002B     30 A0 45              		JNB	P2.0,KEY02
     37    002E     30 A1 44              		JNB	P2.1,KEY03
     38    0031     30 A2 05              		JNB	P2.2,MODE3
     39    0034     30 A3 CE              		JNB	P2.3,MODE1
     40    0037                           
     41    0037     01 24                 		AJMP	SET2
     42    0039                           
     43    0039     75 80 20              MODE3:	MOV	P0,#00100000B ;模式顯示:正在設定秒的十位數
     44    003C     7B 00                 		MOV	R3,#00000000B
     45    003E                           
     46    003E     74 20                 SET3:		MOV	A,#00100000B
     47    0040     2B                    		ADD	A,R3
     48    0041     F5 80                 		MOV	P0,A	
     49    0043                           
     50    0043     11 F4                 		ACALL	DELAY2
     51    0045                           
     52    0045     30 A0 2F              		JNB	P2.0,KEY04
     53    0048     30 A1 2E              		JNB	P2.1,KEY05
     54    004B     30 A2 05              		JNB	P2.2,MODE4
     55    004E     30 A3 B4              		JNB	P2.3,MODE1
     56    0051                           
     57    0051     01 3E                 		AJMP	SET3
     58    0053                           
     59    0053     75 80 10              MODE4:	MOV	P0,#00010000B ;模式顯示:正在設定秒的個位數
     60    0056     7C 00                 		MOV	R4,#00000000B
     61    0058                           
     62    0058                           		
     63    0058                           
     64    0058     74 10                 SET4:		MOV	A,#00010000B
     65    005A     2C                    		ADD	A,R4
     66    005B     F5 80                 		MOV	P0,A	
     67    005D                           
     68    005D     11 F4                 		ACALL	DELAY2
     69    005F                           
     70    005F     30 A0 19              		JNB	P2.0,KEY06
     71    0062     30 A1 18              		JNB	P2.1,KEY07
     72    0065     30 A2 17              		JNB	P2.2,START ;按下確認鍵開始倒數計時
     73    0068     30 A3 02              		JNB	P2.3,MODE01
     74    006B                           
     75    006B     01 58                 		AJMP	SET4
     76    006D                           
     77    006D                           ;============間歇跳================
     78    006D                           
     79    006D     01 05                 MODE01:	AJMP	MODE1
     80    006F                           
     81    006F     01 C3                 KEY00:	AJMP 	KEY0
     82    0071     01 C6                 KEY01:	AJMP 	KEY1
     83    0073     01 C9                 KEY02:	AJMP 	KEY2
     84    0075     01 CC                 KEY03:	AJMP 	KEY3
     85    0077     01 CF                 KEY04:	AJMP 	KEY4
     86    0079     01 D2                 KEY05:	AJMP 	KEY5
     87    007B     01 D5                 KEY06:	AJMP 	KEY6
     88    007D     01 D8                 KEY07:	AJMP 	KEY7
     89    007F                           
     90    007F                           ;=============開始倒數=====================================
     91    007F                           ;----------判斷輸入是否為0-----------
     92    007F     75 80 F0              START:	MOV	P0,#11110000B	;前四個燈閃爍代表在倒數
     93    0082                           	
     94    0082     0C                    		INC	R4		
     95    0083     DC 0B                 		DJNZ	R4,SEC2
     96    0085     0B                    START01:	INC	R3
     97    0086     DB 0E                 		DJNZ	R3,SEC1
     98    0088     0A                    START02:	INC	R2
     99    0089     DA 15                 		DJNZ	R2,MIN2
    100    008B     09                    START03:	INC	R1
    101    008C     D9 1A                 		DJNZ	R1,MIN1
    102    008E                           		
    103    008E     01 B4                 		AJMP	TOUT	
    104    0090                           	
    105    0090                           ;------------------秒個位數----------------
    106    0090                           		
    107    0090     11 DB                 SEC2:		ACALL	DELAY1	;一秒鐘
    108    0092     DC FC                 		DJNZ	R4,SEC2 	;倒數DELAY一次為一秒，共倒數R4個一秒
    109    0094                           
    110    0094     01 85                 		AJMP	START01
    111    0096                           
    112    0096                           ;------------------秒十位數-----------------
    113    0096                           
    114    0096     7D 0A                 SEC1:		MOV	R5,#10	;倒數R3個10秒
    115    0098     11 DB                 DL1:		ACALL	DELAY1	;一秒鐘
    116    009A     DD FC                 		DJNZ	R5,DL1	
    117    009C     DB F8                 		DJNZ	R3,SEC1
    118    009E                           
    119    009E     01 88                 		AJMP	START02
    120    00A0                           	
    121    00A0                           ;------------------分個位數----------------
    122    00A0                           
    123    00A0     7D 3C                 MIN2:		MOV	R5,#60	;倒數R2個60秒  ;一分鐘60秒
    124    00A2     11 DB                 DL2:		ACALL	DELAY1 	;一秒鐘
    125    00A4     DD FC                 		DJNZ	R5,DL2
    126    00A6                           	
    127    00A6     01 8B                 		AJMP	START03
    128    00A8                           
    129    00A8                           ;-----------------分十位數------------------
    130    00A8                           
    131    00A8     7D 3C                 MIN1:		MOV	R5,#60	;倒數R1個600秒  ;十分鐘600秒	;因為怕600會溢位，所以拆成60*10
    132    00AA     7E 0A                 DL3:		MOV	R6,#10	;十分鐘600秒
    133    00AC     11 DB                 DL4:		ACALL	DELAY1 	;一秒鐘
    134    00AE     DE FC                 		DJNZ	R6,DL4			
    135    00B0     DD F8                 		DJNZ	R5,DL3	
    136    00B2     D9 F4                 		DJNZ	R1,MIN1
    137    00B4                           
    138    00B4                           ;=============時間到===================
    139    00B4                           
    140    00B4     75 80 00              TOUT:		MOV	P0,#00000000B ;時間到 閃爍燈
    141    00B7     11 DB                 		ACALL	DELAY1
    142    00B9     75 80 FF              		MOV	P0,#11111111B
    143    00BC     11 DB                 		ACALL	DELAY1
    144    00BE     30 A2 AC              		JNB	P2.2,MODE01   ;按下確認鍵 回到mode1重新設定時間
    145    00C1     01 B4                 		AJMP	TOUT          ;或者是隨時觸發中斷也能回到mode1	
    146    00C3                           
    147    00C3                           ;==========按鈕動作================
    148    00C3     09                    KEY0:		INC	R1	;R1+1
    149    00C4     01 0A                 		AJMP	SET1
    150    00C6     19                    KEY1:		DEC	R1	;R1-1
    151    00C7     01 0A                 		AJMP	SET1
    152    00C9     0A                    KEY2:		INC	R2
    153    00CA     01 24                 		AJMP	SET2
    154    00CC     1A                    KEY3:		DEC	R2
    155    00CD     01 24                 		AJMP	SET2
    156    00CF     0B                    KEY4:		INC	R3
    157    00D0     01 3E                 		AJMP	SET3
    158    00D2     1B                    KEY5:		DEC	R3
    159    00D3     01 3E                 		AJMP	SET3
    160    00D5     0C                    KEY6:		INC	R4
    161    00D6     01 58                 		AJMP	SET4
    162    00D8     1C                    KEY7:		DEC	R4
    163    00D9     01 58                 		AJMP	SET4
    164    00DB                           
    165    00DB                           ;============DELAY============
    166    00DB                           ;----------1------------
    167    00DB     C0 05                 DELAY1:	PUSH	05
    168    00DD     C0 06                 		PUSH	06
    169    00DF     C0 07                 		PUSH	07
    170    00E1                           
    171    00E1     7D 01                 		MOV	R5,#1	;10*0.1秒=1秒
    172    00E3     7E FA                 D1:		MOV	R6,#250	
    173    00E5     7F C8                 D2:		MOV	R7,#200
    174    00E7     DF FE                 D3:		DJNZ	R7,D3
    175    00E9     DE FA                 		DJNZ	R6,D2
    176    00EB     DD F6                 		DJNZ	R5,D1
    177    00ED                           
    178    00ED     D0 07                 		POP	07
    179    00EF     D0 06                 		POP	06
    180    00F1     D0 05                 		POP	05
    181    00F3                           		
    182    00F3     22                    		RET
    183    00F4                           
    184    00F4                           ;----------2-----------
    185    00F4     C0 05                 DELAY2:	PUSH	05
    186    00F6     C0 06                 		PUSH	06
    187    00F8     C0 07                 		PUSH	07
    188    00FA                           
    189    00FA     7D 01                 		MOV	R5,#1	;10*0.1秒=1秒
    190    00FC     7E FA                 D4:		MOV	R6,#250
    191    00FE     7F FA                 D5:		MOV	R7,#250
    192    0100     DF FE                 D6:		DJNZ	R7,D6
    193    0102     DE FA                 		DJNZ	R6,D5
    194    0104     DD F6                 		DJNZ	R5,D4
    195    0106                           
    196    0106     D0 07                 		POP	07
    197    0108     D0 06                 		POP	06
    198    010A     D0 05                 		POP	05
    199    010C                           
    200    010C     22                    		RET
